// Jest Snapshot v1, https://goo.gl/fbAQLP

exports[`MovieAPI should render 1`] = `<ul />`;
